// Jest Snapshot v1, https://goo.gl/fbAQLP

exports[`App component 1`] = `
<div
  className="slideInner answer hideForm"
>
  <h1
    className="title"
  >
    APL Smart
  </h1>
  <p
    className="subtitle"
  >
    soluzione 2 o 3 con pulsante touch
  </p>
  <p
    className="answer-text"
    dangerouslySetInnerHTML={
      Object {
        "__html": "",
      }
    }
  />
  <div
    className="answer-recapAndImage"
  >
    <div
      className="imagesContainer"
    >
      <img
        className="image"
        src="images/APL_Smart_soluzione2_con_pulsante_touch.jpg"
      />
      <img
        className="image"
        src="images/APL_Smart_soluzione3_con_pulsante_touch.jpg"
      />
    </div>
    <div
      className="recap"
    >
      <table
        className="recap-table"
      >
        <thead
          className="recap-head"
        >
          <tr>
            <th>
              domanda
            </th>
            <th>
              risposta
            </th>
          </tr>
        </thead>
        <tbody
          className="recap-body"
        />
      </table>
    </div>
  </div>
  <form
    className="quotation-form"
    name="contactForm"
    onSubmit={[Function]}
  >
    <p
      className="form-mandatory"
    >
      * campi obbligatori
    </p>
    <input
      id="solution"
      name="solution"
      type="hidden"
      value="APL Smart - soluzione 2 o 3 con pulsante touch"
    />
    <div
      className="form-field"
    >
      <label
        className="form-label"
        htmlFor="name"
      >
        Nome
      </label>
      <input
        className="form-input"
        id="name"
        minLength={undefined}
        name="name"
        required={false}
        type="text"
      />
    </div>
    <div
      className="form-field"
    >
      <label
        className="form-label"
        htmlFor="surname"
      >
        Cognome
      </label>
      <input
        className="form-input"
        id="surname"
        minLength={undefined}
        name="surname"
        required={false}
        type="text"
      />
    </div>
    <div
      className="form-field"
    >
      <label
        className="form-label"
        htmlFor="company"
      >
        Societ√† (ragione sociale)*
      </label>
      <input
        className="form-input"
        id="company"
        minLength={undefined}
        name="company"
        required={true}
        type="text"
      />
    </div>
    <div
      className="form-field"
    >
      <label
        className="form-label"
        htmlFor="address"
      >
        Indirizzo*
      </label>
      <input
        className="form-input"
        id="address"
        minLength={undefined}
        name="address"
        required={true}
        type="text"
      />
    </div>
    <div
      className="form-field"
    >
      <label
        className="form-label"
        htmlFor="email"
      >
        E-mail*
      </label>
      <input
        className="form-input"
        id="email"
        minLength={undefined}
        name="email"
        required={true}
        type="email"
      />
    </div>
    <div
      className="form-field"
    >
      <label
        className="form-label"
        htmlFor="phone"
      >
        Telefono
      </label>
      <input
        className="form-input"
        id="phone"
        minLength={undefined}
        name="phone"
        required={false}
        type="tel"
      />
    </div>
    <div
      className="form-field"
    >
      <label
        className="form-label"
        htmlFor="website"
      >
        Sito
      </label>
      <input
        className="form-input"
        id="website"
        minLength={undefined}
        name="website"
        required={false}
        type="text"
      />
    </div>
    <div
      className="form-field"
    >
      <span
        className="form-label"
      >
        Motivo della richiesta
        *
      </span>
      <fieldset
        className="form-input form-reason"
      >
        <span
          className="form-reason-option"
        >
          <input
            id="project"
            name="reason"
            required={true}
            type="radio"
            value="project"
          />
          <label
            htmlFor="project"
          >
            Elaborazione progetto
          </label>
        </span>
        <span
          className="form-reason-option"
        >
          <input
            id="call"
            name="reason"
            required={true}
            type="radio"
            value="call"
          />
          <label
            htmlFor="call"
          >
            Miglioria per gara d'appalto
          </label>
        </span>
        <span
          className="form-reason-option"
        >
          <input
            id="other"
            name="reason"
            required={true}
            type="radio"
            value="other"
          />
          <label
            htmlFor="other"
          >
            Altro
          </label>
        </span>
      </fieldset>
    </div>
    <label
      className="form-field"
    >
      <span
        className="form-label"
      >
        Eventuali informazioni aggiuntive
      </span>
      <textarea
        className="form-msg form-input"
        id="msg"
        name="msg"
      />
    </label>
    <button
      className="ctaBtn form-submit"
      type="submit"
    >
      Invia
    </button>
  </form>
  <button
    className="quotation-btn ctaBtn ctaBtn--inverse"
    onClick={[Function]}
  >
    scopri quanto costa
  </button>
</div>
`;
