// Jest Snapshot v1, https://goo.gl/fbAQLP

exports[`Quotation button component - hide 1`] = `null`;

exports[`Quotation button component - show 1`] = `
<button
  className="quotation-btn ctaBtn ctaBtn--inverse"
  onClick={[Function]}
>
  button text
</button>
`;
