// Jest Snapshot v1, https://goo.gl/fbAQLP

exports[`Title component 1`] = `
<h1
  className="title"
>
  Title text
</h1>
`;
